apiVersion: delivery.crd-bootstrap/v1alpha1
kind: Bootstrap
metadata: {}
spec:
  source: {}
status: {}
