apiVersion: delivery.crd-bootstrap/v1alpha1
kind: Bootstrap
metadata: {}
spec:
  continueOnValidationError: true
  interval: string
  kubeConfig:
    secretRef:
      secretRef:
        key: string
        name: string
    serviceAccount: string
  prune: true
  source:
    configMap:
      name: string
      namespace: string
    github:
      baseAPIURL: string
      baseURL: string
      manifest: string
      owner: string
      repo: string
      secretRef:
        name: ""
    gitlab:
      baseAPIURL: string
      manifest: string
      owner: string
      repo: string
      secretRef:
        name: ""
    helm:
      chartName: string
      chartReference: string
      secretRef:
        name: ""
    url:
      secretRef:
        name: ""
      url: string
  template: {}
  version:
    digest: string
    semver: string
status:
  conditions:
  - lastTransitionTime: 2024-10-11T12:48:44Z
    message: string
    observedGeneration: 0
    reason: w # ^[A-Za-z]([A-Za-z0-9_,:]*[A-Za-z0-9_])?$
    status: "True"
    type: 2.ik2p.6.i/Q # ^([a-z0-9]([-a-z0-9]*[a-z0-9])?(\.[a-z0-9]([-a-z0-9]*[a-z0-9])?)*/)?(([A-Za-z0-9][-A-Za-z0-9_.]*)?[A-Za-z0-9])$
  lastAppliedCRDNames: {}
  lastAppliedRevision: string
  lastAttemptedRevision: string
  observedGeneration: 1
