apiVersion: infrastructure.cluster.x-k8s.io/v1beta1
kind: AWSCluster
metadata: {}
spec: {}
status:
  ready: false
