apiVersion: infrastructure.cluster.x-k8s.io/v1beta2
kind: AWSCluster
metadata: {}
spec: {}
